[2026-01-31T04:55:09.710Z] [Plugin] Starting plugin initialization
[2026-01-31T04:55:09.710Z] .. 📦 [Cache] Loaded SHA caches from storage: {
  "source": "plugin data.json",
  "localShaCount": 0,
  "remoteShaCount": 0,
  "lastCommit": null
}
[2026-01-31T04:55:09.712Z] [Plugin] Plugin initialization completed successfully
[2026-01-31T04:55:10.580Z] [FitSettings] Cannot refresh fields without PAT token
[2026-01-31T04:55:20.620Z] [FitSettings] Cannot refresh fields without PAT token
[2026-01-31T05:12:13.784Z] [Plugin] Auto sync requested
[2026-01-31T05:12:13.792Z] 🚀 [SYNC START] Auto sync requested
[2026-01-31T05:12:13.793Z] 🔄 [Sync] Checking local and remote changes (parallel)...
[2026-01-31T05:12:13.793Z] .. 💾 [LocalVault] Scanning files...
[2026-01-31T05:12:13.793Z] .. ☁️ [RemoteVault] Fetching from GitHub...
[2026-01-31T05:12:13.806Z] ... 💾 [LocalVault] Scanned 3 files
[2026-01-31T05:12:14.279Z] ... ⬇️ [RemoteVault] Fetching initial state from GitHub (e649af3)...
[2026-01-31T05:12:14.473Z] ... ☁️ [RemoteVault] Fetched 20 files
[2026-01-31T05:12:14.473Z] [Fit] Remote changes detected: {
  "ADDED": 20,
  "MODIFIED": 0,
  "REMOVED": 0,
  "total": 20
}
[2026-01-31T05:12:14.474Z] .. ✅ [Sync] Change detection complete
[2026-01-31T05:12:14.474Z] 🔄 [FitSync] Syncing changes (3 local, 20 remote): {
  "local": {
    "ADDED": [
      "20260131001135.md",
      "_templates/default.md",
      "README.md"
    ]
  },
  "remote": {
    "ADDED": [
      ".obsidian/app.json",
      ".obsidian/appearance.json",
      ".obsidian/community-plugins.json",
      ".obsidian/core-plugins.json",
      ".obsidian/plugins/obsidian-front-matter-title-plugin/main.js",
      ".obsidian/plugins/obsidian-front-matter-title-plugin/manifest.json",
      ".obsidian/plugins/obsidian-style-settings/data.json",
      ".obsidian/plugins/obsidian-style-settings/main.js",
      ".obsidian/plugins/obsidian-style-settings/manifest.json",
      ".obsidian/plugins/obsidian-style-settings/styles.css",
      ".obsidian/plugins/virtual-linker/main.js",
      ".obsidian/plugins/virtual-linker/manifest.json",
      ".obsidian/plugins/virtual-linker/styles.css",
      ".obsidian/templates.json",
      ".obsidian/themes/Retroma/manifest.json",
      ".obsidian/themes/Retroma/theme.css",
      ".obsidian/workspace-mobile.json",
      ".obsidian/zk-prefixer.json",
      "README.md",
      "_templates/default.md"
    ]
  }
}
[2026-01-31T05:12:14.475Z] [FitSync] Conflict detection complete: {
  "safeLocal": 1,
  "safeRemote": 0,
  "clashes": 20
}
[2026-01-31T05:12:15.027Z] ... 📦 [RemoteVault] Using cached state (e649af3)
[2026-01-31T05:12:15.262Z] [Plugin] Sync failed: {
  "type": "network",
  "message": "Failed to process 1 file(s) for remote upload. Please check your internet connection.\n\nFailed files:\n  • 20260131001135.md: Resource not accessible by personal access token - https://docs.github.com/rest/git/blobs#create-a-blob\n\n💡 To sync other files: Move problematic file(s) out of your vault temporarily, or use git to sync them manually. .gitignore support coming soon.",
  "details": {
    "errors": [
      {
        "path": "20260131001135.md",
        "error": {
          "name": "VaultError",
          "message": "Resource not accessible by personal access token - https://docs.github.com/rest/git/blobs#create-a-blob",
          "type": "authentication",
          "details": {
            "originalError": {
              "name": "HttpError",
              "message": "Resource not accessible by personal access token - https://docs.github.com/rest/git/blobs#create-a-blob",
              "status": 403,
              "request": {
                "method": "POST",
                "url": "https://api.github.com/repos/BravishkaSkytano/notes/git/blobs",
                "headers": {
                  "accept": "application/vnd.github.v3+json",
                  "user-agent": "octokit-core.js/6.0.1 Mozilla/5.0 (Windows NT 10.0; Win64; x64) AppleWebKit/537.36 (KHTML, like Gecko) obsidian/1.8.10 Chrome/132.0.6834.196 Electron/34.2.0 Safari/537.36",
                  "if-none-match": "",
                  "x-github-api-version": "2022-11-28",
                  "authorization": "token [REDACTED]",
                  "content-type": "application/json; charset=utf-8"
                },
                "body": {
                  "content": "---\ntitle: Hello World!\ncreated: 2026-01-31\ntags:\n---\n",
                  "encoding": "utf-8"
                },
                "request": {}
              },
              "response": {
                "url": "https://api.github.com/repos/BravishkaSkytano/notes/git/blobs",
                "status": 403,
                "headers": {
                  "content-type": "application/json; charset=utf-8",
                  "x-github-media-type": "github.v3; format=json",
                  "x-github-request-id": "EF56:2F7A64:32CE40A:D92BA5E:697D8F2F",
                  "x-ratelimit-limit": "5000",
                  "x-ratelimit-remaining": "4966",
                  "x-ratelimit-reset": "1769836375",
                  "x-ratelimit-resource": "core",
                  "x-ratelimit-used": "34"
                },
                "data": {
                  "message": "Resource not accessible by personal access token",
                  "documentation_url": "https://docs.github.com/rest/git/blobs#create-a-blob",
                  "status": "403"
                }
              }
            }
          }
        }
      }
    ],
    "failedPaths": [
      "20260131001135.md"
    ]
  }
}
[2026-01-31T05:17:13.921Z] [Plugin] Auto sync requested
[2026-01-31T05:17:13.947Z] 🚀 [SYNC START] Auto sync requested
[2026-01-31T05:17:13.947Z] 🔄 [Sync] Checking local and remote changes (parallel)...
[2026-01-31T05:17:13.947Z] .. 💾 [LocalVault] Scanning files...
[2026-01-31T05:17:13.948Z] .. ☁️ [RemoteVault] Fetching from GitHub...
[2026-01-31T05:17:13.952Z] ... 💾 [LocalVault] Scanned 3 files
[2026-01-31T05:17:14.285Z] ... ⬇️ [RemoteVault] Fetching initial state from GitHub (e649af3)...
[2026-01-31T05:17:14.613Z] ... ☁️ [RemoteVault] Fetched 20 files
[2026-01-31T05:17:14.613Z] [Fit] Remote changes detected: {
  "ADDED": 20,
  "MODIFIED": 0,
  "REMOVED": 0,
  "total": 20
}
[2026-01-31T05:17:14.613Z] .. ✅ [Sync] Change detection complete
[2026-01-31T05:17:14.614Z] 🔄 [FitSync] Syncing changes (3 local, 20 remote): {
  "local": {
    "ADDED": [
      "20260131001135.md",
      "_templates/default.md",
      "README.md"
    ]
  },
  "remote": {
    "ADDED": [
      ".obsidian/app.json",
      ".obsidian/appearance.json",
      ".obsidian/community-plugins.json",
      ".obsidian/core-plugins.json",
      ".obsidian/plugins/obsidian-front-matter-title-plugin/main.js",
      ".obsidian/plugins/obsidian-front-matter-title-plugin/manifest.json",
      ".obsidian/plugins/obsidian-style-settings/data.json",
      ".obsidian/plugins/obsidian-style-settings/main.js",
      ".obsidian/plugins/obsidian-style-settings/manifest.json",
      ".obsidian/plugins/obsidian-style-settings/styles.css",
      ".obsidian/plugins/virtual-linker/main.js",
      ".obsidian/plugins/virtual-linker/manifest.json",
      ".obsidian/plugins/virtual-linker/styles.css",
      ".obsidian/templates.json",
      ".obsidian/themes/Retroma/manifest.json",
      ".obsidian/themes/Retroma/theme.css",
      ".obsidian/workspace-mobile.json",
      ".obsidian/zk-prefixer.json",
      "README.md",
      "_templates/default.md"
    ]
  }
}
[2026-01-31T05:17:14.615Z] [FitSync] Conflict detection complete: {
  "safeLocal": 1,
  "safeRemote": 0,
  "clashes": 20
}
[2026-01-31T05:17:15.491Z] ... 📦 [RemoteVault] Using cached state (e649af3)
[2026-01-31T05:17:16.734Z] .. ⬆️ [Push] Pushed 1 changes to remote
[2026-01-31T05:17:17.045Z] .. ⬇️ [Pull] Applied remote changes to local: {
  "filesWritten": 0,
  "filesDeleted": 0,
  "clashesWrittenToFit": 20
}
[2026-01-31T05:17:17.046Z] [FitSync] Updated local state with SHAs from written files: {
  "filesProcessed": 18,
  "totalFilesInState": 21
}
[2026-01-31T05:17:17.046Z] .. 📦 [Cache] Updating SHA cache after sync: {
  "localChanges": 21,
  "remoteChanges": 21,
  "commitChanged": true,
  "warnings": [
    "Local SHA cache jumped from 0 to 21 files - possible recovery from empty cache or first sync"
  ],
  "localOpsApplied": 20,
  "remoteOpsPushed": 1
}
[2026-01-31T05:17:17.052Z] .. 📦 [Cache] Loaded SHA caches from storage: {
  "source": "plugin data.json",
  "localShaCount": 3,
  "remoteShaCount": 21,
  "lastCommit": "634b462f5932585cc0fdcc00c8bd736c67253cad"
}
[2026-01-31T05:17:17.053Z] [FitSync] Sync completed with conflicts: {
  "conflictCount": 20,
  "conflicts": [
    {
      "path": "_templates/default.md",
      "local": "ADDED",
      "remote": "ADDED"
    },
    {
      "path": "README.md",
      "local": "ADDED",
      "remote": "ADDED"
    },
    {
      "path": ".obsidian/app.json",
      "local": "protected",
      "remote": "ADDED"
    },
    {
      "path": ".obsidian/appearance.json",
      "local": "protected",
      "remote": "ADDED"
    },
    {
      "path": ".obsidian/community-plugins.json",
      "local": "protected",
      "remote": "ADDED"
    },
    {
      "path": ".obsidian/core-plugins.json",
      "local": "protected",
      "remote": "ADDED"
    },
    {
      "path": ".obsidian/plugins/obsidian-front-matter-title-plugin/main.js",
      "local": "protected",
      "remote": "ADDED"
    },
    {
      "path": ".obsidian/plugins/obsidian-front-matter-title-plugin/manifest.json",
      "local": "protected",
      "remote": "ADDED"
    },
    {
      "path": ".obsidian/plugins/obsidian-style-settings/data.json",
      "local": "protected",
      "remote": "ADDED"
    },
    {
      "path": ".obsidian/plugins/obsidian-style-settings/main.js",
      "local": "protected",
      "remote": "ADDED"
    },
    {
      "path": ".obsidian/plugins/obsidian-style-settings/manifest.json",
      "local": "protected",
      "remote": "ADDED"
    },
    {
      "path": ".obsidian/plugins/obsidian-style-settings/styles.css",
      "local": "protected",
      "remote": "ADDED"
    },
    {
      "path": ".obsidian/plugins/virtual-linker/main.js",
      "local": "protected",
      "remote": "ADDED"
    },
    {
      "path": ".obsidian/plugins/virtual-linker/manifest.json",
      "local": "protected",
      "remote": "ADDED"
    },
    {
      "path": ".obsidian/plugins/virtual-linker/styles.css",
      "local": "protected",
      "remote": "ADDED"
    },
    {
      "path": ".obsidian/templates.json",
      "local": "protected",
      "remote": "ADDED"
    },
    {
      "path": ".obsidian/themes/Retroma/manifest.json",
      "local": "protected",
      "remote": "ADDED"
    },
    {
      "path": ".obsidian/themes/Retroma/theme.css",
      "local": "protected",
      "remote": "ADDED"
    },
    {
      "path": ".obsidian/workspace-mobile.json",
      "local": "protected",
      "remote": "ADDED"
    },
    {
      "path": ".obsidian/zk-prefixer.json",
      "local": "protected",
      "remote": "ADDED"
    }
  ]
}
[2026-01-31T05:17:17.053Z] [FitSync] 18 path(s) blocked by sync policy: {
  "protectedPaths": [
    ".obsidian/app.json",
    ".obsidian/appearance.json",
    ".obsidian/community-plugins.json",
    ".obsidian/core-plugins.json",
    ".obsidian/plugins/obsidian-front-matter-title-plugin/main.js",
    ".obsidian/plugins/obsidian-front-matter-title-plugin/manifest.json",
    ".obsidian/plugins/obsidian-style-settings/data.json",
    ".obsidian/plugins/obsidian-style-settings/main.js",
    ".obsidian/plugins/obsidian-style-settings/manifest.json",
    ".obsidian/plugins/obsidian-style-settings/styles.css",
    ".obsidian/plugins/virtual-linker/main.js",
    ".obsidian/plugins/virtual-linker/manifest.json",
    ".obsidian/plugins/virtual-linker/styles.css",
    ".obsidian/templates.json",
    ".obsidian/themes/Retroma/manifest.json",
    ".obsidian/themes/Retroma/theme.css",
    ".obsidian/workspace-mobile.json",
    ".obsidian/zk-prefixer.json"
  ]
}
[2026-01-31T05:17:17.053Z] ✅ [SYNC COMPLETE] Success with conflicts: {
  "duration": "3.11s",
  "totalOperations": 21,
  "conflicts": 20,
  "changes": [
    {
      "heading": "Local file updates:",
      "changes": [
        {
          "path": "_fit/_templates/default.md",
          "type": "ADDED"
        },
        {
          "path": "_fit/README.md",
          "type": "ADDED"
        },
        {
          "path": "_fit/.obsidian/app.json",
          "type": "ADDED"
        },
        {
          "path": "_fit/.obsidian/appearance.json",
          "type": "ADDED"
        },
        {
          "path": "_fit/.obsidian/community-plugins.json",
          "type": "ADDED"
        },
        {
          "path": "_fit/.obsidian/core-plugins.json",
          "type": "ADDED"
        },
        {
          "path": "_fit/.obsidian/plugins/obsidian-front-matter-title-plugin/main.js",
          "type": "ADDED"
        },
        {
          "path": "_fit/.obsidian/plugins/obsidian-front-matter-title-plugin/manifest.json",
          "type": "ADDED"
        },
        {
          "path": "_fit/.obsidian/plugins/obsidian-style-settings/data.json",
          "type": "ADDED"
        },
        {
          "path": "_fit/.obsidian/plugins/obsidian-style-settings/main.js",
          "type": "ADDED"
        },
        {
          "path": "_fit/.obsidian/plugins/obsidian-style-settings/manifest.json",
          "type": "ADDED"
        },
        {
          "path": "_fit/.obsidian/plugins/obsidian-style-settings/styles.css",
          "type": "ADDED"
        },
        {
          "path": "_fit/.obsidian/plugins/virtual-linker/main.js",
          "type": "ADDED"
        },
        {
          "path": "_fit/.obsidian/plugins/virtual-linker/manifest.json",
          "type": "ADDED"
        },
        {
          "path": "_fit/.obsidian/plugins/virtual-linker/styles.css",
          "type": "ADDED"
        },
        {
          "path": "_fit/.obsidian/templates.json",
          "type": "ADDED"
        },
        {
          "path": "_fit/.obsidian/themes/Retroma/manifest.json",
          "type": "ADDED"
        },
        {
          "path": "_fit/.obsidian/themes/Retroma/theme.css",
          "type": "ADDED"
        },
        {
          "path": "_fit/.obsidian/workspace-mobile.json",
          "type": "ADDED"
        },
        {
          "path": "_fit/.obsidian/zk-prefixer.json",
          "type": "ADDED"
        }
      ]
    },
    {
      "heading": "Remote file updates:",
      "changes": [
        {
          "path": "20260131001135.md",
          "type": "ADDED"
        }
      ]
    }
  ],
  "unresolvedConflicts": [
    {
      "path": "_templates/default.md",
      "localState": "ADDED",
      "remoteOp": "ADDED"
    },
    {
      "path": "README.md",
      "localState": "ADDED",
      "remoteOp": "ADDED"
    },
    {
      "path": ".obsidian/app.json",
      "localState": "protected",
      "remoteOp": "ADDED"
    },
    {
      "path": ".obsidian/appearance.json",
      "localState": "protected",
      "remoteOp": "ADDED"
    },
    {
      "path": ".obsidian/community-plugins.json",
      "localState": "protected",
      "remoteOp": "ADDED"
    },
    {
      "path": ".obsidian/core-plugins.json",
      "localState": "protected",
      "remoteOp": "ADDED"
    },
    {
      "path": ".obsidian/plugins/obsidian-front-matter-title-plugin/main.js",
      "localState": "protected",
      "remoteOp": "ADDED"
    },
    {
      "path": ".obsidian/plugins/obsidian-front-matter-title-plugin/manifest.json",
      "localState": "protected",
      "remoteOp": "ADDED"
    },
    {
      "path": ".obsidian/plugins/obsidian-style-settings/data.json",
      "localState": "protected",
      "remoteOp": "ADDED"
    },
    {
      "path": ".obsidian/plugins/obsidian-style-settings/main.js",
      "localState": "protected",
      "remoteOp": "ADDED"
    },
    {
      "path": ".obsidian/plugins/obsidian-style-settings/manifest.json",
      "localState": "protected",
      "remoteOp": "ADDED"
    },
    {
      "path": ".obsidian/plugins/obsidian-style-settings/styles.css",
      "localState": "protected",
      "remoteOp": "ADDED"
    },
    {
      "path": ".obsidian/plugins/virtual-linker/main.js",
      "localState": "protected",
      "remoteOp": "ADDED"
    },
    {
      "path": ".obsidian/plugins/virtual-linker/manifest.json",
      "localState": "protected",
      "remoteOp": "ADDED"
    },
    {
      "path": ".obsidian/plugins/virtual-linker/styles.css",
      "localState": "protected",
      "remoteOp": "ADDED"
    },
    {
      "path": ".obsidian/templates.json",
      "localState": "protected",
      "remoteOp": "ADDED"
    },
    {
      "path": ".obsidian/themes/Retroma/manifest.json",
      "localState": "protected",
      "remoteOp": "ADDED"
    },
    {
      "path": ".obsidian/themes/Retroma/theme.css",
      "localState": "protected",
      "remoteOp": "ADDED"
    },
    {
      "path": ".obsidian/workspace-mobile.json",
      "localState": "protected",
      "remoteOp": "ADDED"
    },
    {
      "path": ".obsidian/zk-prefixer.json",
      "localState": "protected",
      "remoteOp": "ADDED"
    }
  ]
}
[2026-01-31T05:22:13.836Z] [Plugin] Auto sync requested
[2026-01-31T05:22:13.838Z] 🚀 [SYNC START] Auto sync requested
[2026-01-31T05:22:13.838Z] 🔄 [Sync] Checking local and remote changes (parallel)...
[2026-01-31T05:22:13.838Z] .. 💾 [LocalVault] Scanning files...
[2026-01-31T05:22:13.838Z] .. ☁️ [RemoteVault] Fetching from GitHub...
[2026-01-31T05:22:13.841Z] ... 💾 [LocalVault] Scanned 5 files
[2026-01-31T05:22:14.146Z] ... ⬇️ [RemoteVault] Fetching initial state from GitHub (634b462)...
[2026-01-31T05:22:14.325Z] ... ☁️ [RemoteVault] Fetched 21 files
[2026-01-31T05:22:14.325Z] .. ✅ [Sync] Change detection complete
[2026-01-31T05:22:14.325Z] 🔄 [FitSync] Syncing changes (3 local, 0 remote): {
  "local": {
    "ADDED": [
      "z-templates/default.md"
    ],
    "MODIFIED": [
      "README.md"
    ],
    "REMOVED": [
      "_templates/default.md"
    ]
  }
}
[2026-01-31T05:22:14.326Z] [FitSync] Conflict detection complete: {
  "safeLocal": 3,
  "safeRemote": 0,
  "clashes": 0
}
[2026-01-31T05:22:14.482Z] ... 📦 [RemoteVault] Using cached state (634b462)
[2026-01-31T05:22:15.810Z] .. ⬆️ [Push] Pushed 3 changes to remote
[2026-01-31T05:22:15.810Z] .. 📦 [Cache] Updating SHA cache after sync: {
  "localChanges": 4,
  "remoteChanges": 2,
  "commitChanged": true,
  "localOpsApplied": 0,
  "remoteOpsPushed": 3
}
[2026-01-31T05:22:15.815Z] .. 📦 [Cache] Loaded SHA caches from storage: {
  "source": "plugin data.json",
  "localShaCount": 3,
  "remoteShaCount": 21,
  "lastCommit": "0c0522fd1c84c5cbfe9864db768f01b2d610b06e"
}
[2026-01-31T05:22:15.815Z] ✅ [SYNC COMPLETE] Success: {
  "duration": "1.98s",
  "totalOperations": 3,
  "conflicts": 0,
  "changes": [
    {
      "heading": "Local file updates:",
      "changes": []
    },
    {
      "heading": "Remote file updates:",
      "changes": [
        {
          "path": "z-templates/default.md",
          "type": "ADDED"
        },
        {
          "path": "README.md",
          "type": "MODIFIED"
        },
        {
          "path": "_templates/default.md",
          "type": "REMOVED"
        }
      ]
    }
  ]
}
[2026-01-31T05:28:06.475Z] [Plugin] Manual sync requested
[2026-01-31T05:28:06.483Z] 🚀 [SYNC START] Manual sync requested
[2026-01-31T05:28:06.483Z] 🔄 [Sync] Checking local and remote changes (parallel)...
[2026-01-31T05:28:06.483Z] .. 💾 [LocalVault] Scanning files...
[2026-01-31T05:28:06.484Z] .. ☁️ [RemoteVault] Fetching from GitHub...
[2026-01-31T05:28:06.488Z] ... 💾 [LocalVault] Scanned 8 files
[2026-01-31T05:28:06.952Z] ... ⬇️ [RemoteVault] Fetching initial state from GitHub (0c0522f)...
[2026-01-31T05:28:07.322Z] ... ☁️ [RemoteVault] Fetched 21 files
[2026-01-31T05:28:07.322Z] .. ✅ [Sync] Change detection complete
[2026-01-31T05:28:07.323Z] 🔄 [FitSync] Syncing changes (8 local, 0 remote): {
  "local": {
    "ADDED": [
      "shows/gitkeep.md",
      "movies/gitkeep.md",
      "books/gitkeep.md",
      "people/gitkeep.md",
      "posts/gitkeep.md",
      "notes/gitkeep.md"
    ],
    "MODIFIED": [
      "README.md"
    ],
    "REMOVED": [
      "20260131001135.md"
    ]
  }
}
[2026-01-31T05:28:07.325Z] [FitSync] Conflict detection complete: {
  "safeLocal": 8,
  "safeRemote": 0,
  "clashes": 0
}
[2026-01-31T05:28:07.648Z] ... 📦 [RemoteVault] Using cached state (0c0522f)
[2026-01-31T05:28:09.626Z] .. ⬆️ [Push] Pushed 8 changes to remote
[2026-01-31T05:28:09.627Z] .. 📦 [Cache] Updating SHA cache after sync: {
  "localChanges": 7,
  "remoteChanges": 7,
  "commitChanged": true,
  "localOpsApplied": 0,
  "remoteOpsPushed": 8
}
[2026-01-31T05:28:09.641Z] .. 📦 [Cache] Loaded SHA caches from storage: {
  "source": "plugin data.json",
  "localShaCount": 8,
  "remoteShaCount": 26,
  "lastCommit": "7e1e3d81ac2df8fe30d0c920bd225c8702b10e31"
}
[2026-01-31T05:28:09.642Z] ✅ [SYNC COMPLETE] Success: {
  "duration": "3.16s",
  "totalOperations": 8,
  "conflicts": 0,
  "changes": [
    {
      "heading": "Local file updates:",
      "changes": []
    },
    {
      "heading": "Remote file updates:",
      "changes": [
        {
          "path": "shows/gitkeep.md",
          "type": "ADDED"
        },
        {
          "path": "movies/gitkeep.md",
          "type": "ADDED"
        },
        {
          "path": "books/gitkeep.md",
          "type": "ADDED"
        },
        {
          "path": "people/gitkeep.md",
          "type": "ADDED"
        },
        {
          "path": "posts/gitkeep.md",
          "type": "ADDED"
        },
        {
          "path": "notes/gitkeep.md",
          "type": "ADDED"
        },
        {
          "path": "README.md",
          "type": "MODIFIED"
        },
        {
          "path": "20260131001135.md",
          "type": "REMOVED"
        }
      ]
    }
  ]
}
[2026-01-31T08:29:26.340Z] [Plugin] Auto sync requested
[2026-01-31T08:29:26.944Z] 🚀 [SYNC START] Auto sync requested
[2026-01-31T08:29:26.944Z] 🔄 [Sync] Checking local and remote changes (parallel)...
[2026-01-31T08:29:26.944Z] .. 💾 [LocalVault] Scanning files...
[2026-01-31T08:29:26.944Z] .. ☁️ [RemoteVault] Fetching from GitHub...
[2026-01-31T08:29:26.976Z] ... 💾 [LocalVault] Scanned 8 files
[2026-01-31T14:38:02.739Z] [Plugin] Auto sync requested
[2026-01-31T14:38:07.239Z] 🚀 [SYNC START] Auto sync requested
[2026-01-31T14:38:07.240Z] [FitSync] Sync already in progress - aborting new sync request
[2026-01-31T14:38:07.242Z] [Plugin] Sync already in progress: {
  "triggerType": "auto"
}
[2026-01-31T14:38:11.137Z] ... ⬇️ [RemoteVault] Fetching initial state from GitHub (7e1e3d8)...
[2026-01-31T14:38:12.406Z] ... ☁️ [RemoteVault] Fetched 26 files
[2026-01-31T14:38:12.407Z] .. ✅ [Sync] Change detection complete
[2026-01-31T14:38:12.411Z] [FitSync] Conflict detection complete: {
  "safeLocal": 0,
  "safeRemote": 0,
  "clashes": 0
}
[2026-01-31T14:38:12.793Z] .. 📦 [Cache] Loaded SHA caches from storage: {
  "source": "plugin data.json",
  "localShaCount": 8,
  "remoteShaCount": 26,
  "lastCommit": "7e1e3d81ac2df8fe30d0c920bd225c8702b10e31"
}
[2026-01-31T14:38:12.801Z] ✅ [SYNC COMPLETE] Success: {
  "duration": "22125.85s",
  "totalOperations": 0,
  "conflicts": 0
}
[2026-01-31T14:44:37.012Z] [Plugin] Auto sync requested
[2026-01-31T14:44:37.043Z] 🚀 [SYNC START] Auto sync requested
[2026-01-31T14:44:37.043Z] 🔄 [Sync] Checking local and remote changes (parallel)...
[2026-01-31T14:44:37.044Z] .. 💾 [LocalVault] Scanning files...
[2026-01-31T14:44:37.045Z] .. ☁️ [RemoteVault] Fetching from GitHub...
[2026-01-31T14:44:37.120Z] ... 💾 [LocalVault] Scanned 8 files
[2026-01-31T14:44:37.782Z] ... ⬇️ [RemoteVault] Fetching initial state from GitHub (7e1e3d8)...
[2026-01-31T14:44:37.976Z] ... ☁️ [RemoteVault] Fetched 26 files
[2026-01-31T14:44:37.976Z] .. ✅ [Sync] Change detection complete
[2026-01-31T14:44:37.976Z] 🔄 [FitSync] Syncing changes (2 local, 0 remote): {
  "local": {
    "MODIFIED": [
      "z-templates/default.md",
      "README.md"
    ]
  }
}
[2026-01-31T14:44:37.979Z] [FitSync] Conflict detection complete: {
  "safeLocal": 2,
  "safeRemote": 0,
  "clashes": 0
}
[2026-01-31T14:44:38.197Z] ... 📦 [RemoteVault] Using cached state (7e1e3d8)
[2026-01-31T14:44:41.493Z] .. ⬆️ [Push] Pushed 2 changes to remote
[2026-01-31T14:44:41.496Z] .. 📦 [Cache] Updating SHA cache after sync: {
  "localChanges": 0,
  "remoteChanges": 0,
  "commitChanged": true,
  "localOpsApplied": 0,
  "remoteOpsPushed": 2
}
[2026-01-31T14:44:41.520Z] .. 📦 [Cache] Loaded SHA caches from storage: {
  "source": "plugin data.json",
  "localShaCount": 8,
  "remoteShaCount": 26,
  "lastCommit": "41da296cacb54d02982c8356812cecc049205ecd"
}
[2026-01-31T14:44:41.522Z] ✅ [SYNC COMPLETE] Success: {
  "duration": "4.48s",
  "totalOperations": 2,
  "conflicts": 0,
  "changes": [
    {
      "heading": "Local file updates:",
      "changes": []
    },
    {
      "heading": "Remote file updates:",
      "changes": [
        {
          "path": "z-templates/default.md",
          "type": "MODIFIED"
        },
        {
          "path": "README.md",
          "type": "MODIFIED"
        }
      ]
    }
  ]
}
[2026-02-05T04:22:03.842Z] [Plugin] Starting plugin initialization
[2026-02-05T04:22:03.847Z] .. 📦 [Cache] Loaded SHA caches from storage: {
  "source": "plugin data.json",
  "localShaCount": 8,
  "remoteShaCount": 26,
  "lastCommit": "41da296cacb54d02982c8356812cecc049205ecd"
}
[2026-02-05T04:22:03.848Z] [Plugin] Plugin initialization completed successfully
[2026-02-05T04:26:07.104Z] [Plugin] Manual sync requested
[2026-02-05T04:26:07.243Z] [FitSettings] Cannot refresh fields without PAT token
[2026-02-05T04:26:38.349Z] [FitSettings] Cannot refresh fields without PAT token
